// Jest Snapshot v1, https://goo.gl/fbAQLP

exports[`App component renders App 1`] = `
<DocumentFragment>
  <input
    aria-label="keyword search"
    name="searchWord"
    type="text"
    value="Search for news here!"
  />
  <button
    aria-label="submit"
  >
    Search the news!
  </button>
  <ul
    aria-label="articles"
  />
</DocumentFragment>
`;
